{"type":"tag","line":1,"val":"script"}
{"type":"attrs","line":1,"attrs":[{"name":"type","val":"'text/x-template'","escaped":true}]}
{"type":"indent","line":2,"val":2}
{"type":"tag","line":2,"val":"div"}
{"type":"attrs","line":2,"attrs":[{"name":"id","val":"'user-<%= user.id %>'","escaped":false}]}
{"type":"indent","line":3,"val":4}
{"type":"tag","line":3,"val":"h1"}
{"type":"text","line":3,"val":"<%= user.title %>"}
{"type":"outdent","line":3}
{"type":"outdent","line":3}
{"type":"eos","line":3}