{"type":"tag","line":1,"val":"p"}
{"type":"code","line":1,"val":"null","escape":true,"buffer":true}
{"type":"newline","line":2}
{"type":"tag","line":2,"val":"p"}
{"type":"code","line":2,"val":"undefined","escape":true,"buffer":true}
{"type":"newline","line":3}
{"type":"tag","line":3,"val":"p"}
{"type":"code","line":3,"val":"''","escape":true,"buffer":true}
{"type":"newline","line":4}
{"type":"tag","line":4,"val":"p"}
{"type":"code","line":4,"val":"0","escape":true,"buffer":true}
{"type":"newline","line":5}
{"type":"tag","line":5,"val":"p"}
{"type":"code","line":5,"val":"false","escape":true,"buffer":true}
{"type":"newline","line":6}
{"type":"tag","line":6,"val":"p"}
{"type":"start-attributes","line":6}
{"type":"attribute","line":6,"name":"foo","val":"null","escaped":true}
{"type":"end-attributes","line":6}
{"type":"newline","line":7}
{"type":"tag","line":7,"val":"p"}
{"type":"start-attributes","line":7}
{"type":"attribute","line":7,"name":"foo","val":"undefined","escaped":true}
{"type":"end-attributes","line":7}
{"type":"newline","line":8}
{"type":"tag","line":8,"val":"p"}
{"type":"start-attributes","line":8}
{"type":"attribute","line":8,"name":"foo","val":"''","escaped":true}
{"type":"end-attributes","line":8}
{"type":"newline","line":9}
{"type":"tag","line":9,"val":"p"}
{"type":"start-attributes","line":9}
{"type":"attribute","line":9,"name":"foo","val":"0","escaped":true}
{"type":"end-attributes","line":9}
{"type":"newline","line":10}
{"type":"tag","line":10,"val":"p"}
{"type":"start-attributes","line":10}
{"type":"attribute","line":10,"name":"foo","val":"false","escaped":true}
{"type":"end-attributes","line":10}
{"type":"eos","line":10}