{"type":"filter","line":1,"val":"custom-filter"}
{"type":"attrs","line":1,"attrs":[{"name":"foo","val":"'bar'","escaped":true}]}
{"type":"text","line":1,"val":"foo bar"}
{"type":"eos","line":1}