{"type":"tag","line":1,"val":"script","selfClosing":false}
{"type":"dot","line":1}
{"type":"text","line":1,"val":"var re = /\\d+/;"}
{"type":"eos","line":1}