{"type":"tag","line":1,"val":"html","selfClosing":false}
{"type":"indent","line":2,"val":2}
{"type":"tag","line":2,"val":"head","selfClosing":false}
{"type":"indent","line":3,"val":4}
{"type":"tag","line":3,"val":"style","selfClosing":false}
{"type":"attrs","line":3,"attrs":[{"name":"type","val":"\"text/css\"","escaped":true}]}
{"type":"indent","line":4,"val":6}
{"type":"filter","line":4,"val":"less"}
{"type":"text","line":4,"val":"@pad: 15px;"}
{"type":"text","line":4,"val":"\nbody {"}
{"type":"text","line":4,"val":"\n  padding: @pad;"}
{"type":"text","line":4,"val":"\n}"}
{"type":"outdent","line":4}
{"type":"outdent","line":4}
{"type":"outdent","line":4}
{"type":"eos","line":4}