{"type":"tag","line":1,"val":"html","selfClosing":false}
{"type":"indent","line":2,"val":2}
{"type":"tag","line":2,"val":"head","selfClosing":false}
{"type":"indent","line":3,"val":4}
{"type":"tag","line":3,"val":"style","selfClosing":false}
{"type":"attrs","line":3,"attrs":[{"name":"type","val":"\"text/css\"","escaped":true}]}
{"type":"indent","line":4,"val":6}
{"type":"filter","line":4,"val":"stylus"}
{"type":"pipeless-text","line":4,"val":["body","  padding: 50px"]}
{"type":"outdent","line":5}
{"type":"outdent","line":5}
{"type":"tag","line":5,"val":"body","selfClosing":false}
{"type":"outdent","line":6}
{"type":"eos","line":6}