{"type":"tag","line":1,"val":"script","selfClosing":false}
{"type":"attrs","line":1,"attrs":[{"name":"type","val":"'text/javascript'","escaped":true}]}
{"type":"indent","line":2,"val":2}
{"type":"filter","line":2,"val":"coffeescript"}
{"type":"pipeless-text","line":2,"val":["regexp = /\\n/"]}
{"type":"newline","line":3}
{"type":"filter","line":3,"val":"coffeescript"}
{"type":"attrs","line":3,"attrs":[{"name":"minify","val":"true","escaped":true}]}
{"type":"pipeless-text","line":3,"val":["math =","  square: (value) -> value * value"]}
{"type":"outdent","line":3}
{"type":"eos","line":3}