{"type":"tag","line":1,"val":"style","selfClosing":false}
{"type":"attrs","line":1,"attrs":[{"name":"type","val":"\"text/css\"","escaped":true}]}
{"type":"indent","line":2,"val":2}
{"type":"include","line":2}
{"type":"filter","line":2,"val":"stylus"}
{"type":"path","line":2,"val":"some.styl"}
{"type":"outdent","line":3}
{"type":"eos","line":3}