{"type":"tag","line":1,"val":"pre","selfClosing":false}
{"type":"dot","line":1}
{"type":"text","line":1,"val":"foo"}
{"type":"text","line":1,"val":"\nbar"}
{"type":"text","line":1,"val":"\nbaz"}
{"type":"text","line":1,"val":"\n"}
{"type":"newline","line":2}
{"type":"tag","line":2,"val":"pre","selfClosing":false}
{"type":"indent","line":3,"val":2}
{"type":"tag","line":3,"val":"code","selfClosing":false}
{"type":"dot","line":3}
{"type":"text","line":3,"val":"foo"}
{"type":"text","line":3,"val":"\nbar"}
{"type":"text","line":3,"val":"\nbaz"}
{"type":"outdent","line":3}
{"type":"eos","line":3}