{"type":"tag","line":1,"val":"script","selfClosing":false}
{"type":"dot","line":1}
{"type":"text","line":1,"val":"if (foo) {"}
{"type":"text","line":1,"val":"\n  "}
{"type":"text","line":1,"val":"\n  bar();"}
{"type":"text","line":1,"val":"\n"}
{"type":"text","line":1,"val":"\n}"}
{"type":"eos","line":1}