{"type":"tag","line":1,"val":"html"}
{"type":"indent","line":2,"val":2}
{"type":"tag","line":2,"val":"audio"}
{"type":"start-attributes","line":2}
{"type":"attribute","line":2,"name":"preload","val":"'auto'","escaped":true}
{"type":"attribute","line":2,"name":"autobuffer","val":true,"escaped":false}
{"type":"attribute","line":2,"name":"controls","val":true,"escaped":false}
{"type":"end-attributes","line":2}
{"type":"indent","line":3,"val":4}
{"type":"tag","line":3,"val":"source"}
{"type":"start-attributes","line":3}
{"type":"attribute","line":3,"name":"src","val":"'foo'","escaped":true}
{"type":"end-attributes","line":3}
{"type":"newline","line":4}
{"type":"tag","line":4,"val":"source"}
{"type":"start-attributes","line":4}
{"type":"attribute","line":4,"name":"src","val":"'bar'","escaped":true}
{"type":"end-attributes","line":4}
{"type":"outdent","line":4}
{"type":"outdent","line":4}
{"type":"eos","line":4}