{"type":"newline","line":2}
{"type":"tag","line":2,"val":"body"}
{"type":"indent","line":3,"val":2}
{"type":"tag","line":3,"val":"foo"}
{"type":"newline","line":4}
{"type":"tag","line":4,"val":"foo"}
{"type":"attrs","line":4,"attrs":[{"name":"bar","val":"'baz'","escaped":true}]}
{"type":"newline","line":5}
{"type":"tag","line":5,"val":"foo"}
{"type":"slash","line":5}
{"type":"newline","line":6}
{"type":"tag","line":6,"val":"foo"}
{"type":"attrs","line":6,"attrs":[{"name":"bar","val":"'baz'","escaped":true}]}
{"type":"slash","line":6}
{"type":"newline","line":7}
{"type":"tag","line":7,"val":"foo"}
{"type":"text","line":7,"val":"/"}
{"type":"newline","line":8}
{"type":"tag","line":8,"val":"foo"}
{"type":"attrs","line":8,"attrs":[{"name":"bar","val":"'baz'","escaped":true}]}
{"type":"text","line":8,"val":"/"}
{"type":"newline","line":9}
{"type":"interpolation","line":9,"val":"'foo'"}
{"type":"slash","line":9}
{"type":"newline","line":10}
{"type":"interpolation","line":10,"val":"'foo'"}
{"type":"attrs","line":10,"attrs":[{"name":"bar","val":"'baz'","escaped":true}]}
{"type":"slash","line":10}
{"type":"newline","line":11}
{"type":"interpolation","line":11,"val":"'foo'"}
{"type":"text","line":11,"val":"/"}
{"type":"newline","line":12}
{"type":"interpolation","line":12,"val":"'foo'"}
{"type":"attrs","line":12,"attrs":[{"name":"bar","val":"'baz'","escaped":true}]}
{"type":"text","line":12,"val":"/"}
{"type":"newline","line":13}
{"type":"comment","line":13,"val":" can have a single space after them","buffer":false}
{"type":"newline","line":14}
{"type":"tag","line":14,"val":"img"}
{"type":"text","line":14,"val":" "}
{"type":"newline","line":15}
{"type":"comment","line":15,"val":" can have lots of white space after them","buffer":false}
{"type":"newline","line":16}
{"type":"tag","line":16,"val":"img"}
{"type":"text","line":16,"val":"   "}
{"type":"outdent","line":17}
{"type":"eos","line":17}