{"type":"code","line":1,"val":"var foo = 'bar'","escape":false,"buffer":false}
{"type":"newline","line":2}
{"type":"code","line":2,"val":"var list = [1,2,3]","escape":false,"buffer":false}
{"type":"newline","line":3}
{"type":"tag","line":3,"val":"a"}
{"type":"start-attributes","line":3}
{"type":"attribute","line":3,"name":"class","val":"list","escaped":true}
{"type":"attribute","line":3,"name":"id","val":"foo","escaped":true}
{"type":"end-attributes","line":3}
{"type":"eos","line":3}