{"type":"doctype","line":1,"val":"xml"}
{"type":"newline","line":2}
{"type":"tag","line":2,"val":"category"}
{"type":"attrs","line":2,"attrs":[{"name":"term","val":"'some term'","escaped":true}]}
{"type":"slash","line":2}
{"type":"newline","line":3}
{"type":"tag","line":3,"val":"link"}
{"type":"text","line":3,"val":"http://google.com"}
{"type":"eos","line":3}