{"type":"tag","line":1,"val":"html"}
{"type":"indent","line":2,"val":2}
{"type":"tag","line":2,"val":"body"}
{"type":"indent","line":3,"val":4}
{"type":"include","line":3}
{"type":"path","line":3,"val":"yield-head"}
{"type":"indent","line":4,"val":6}
{"type":"tag","line":4,"val":"script"}
{"type":"attrs","line":4,"attrs":[{"name":"src","val":"'/caustic.js'","escaped":true}]}
{"type":"newline","line":5}
{"type":"tag","line":5,"val":"script"}
{"type":"attrs","line":5,"attrs":[{"name":"src","val":"'/app.js'","escaped":true}]}
{"type":"outdent","line":6}
{"type":"outdent","line":6}
{"type":"outdent","line":6}
{"type":"eos","line":6}